---
# Example from: http://www.yaml.org/start.html
invoice: 199992
date   : 2013-03-15
bill-to: &id001
    given  : Jane
    family : Doe
    address:
        lines: |
            123 Wall Str.
        city    : New York
        state   : NY
        postal  : 123123
ship-to: *id001
product:
    - sku         : BL394D
      quantity    : 4
      description : Hockey Stick
      price       : 300.00
    - sku         : BL4438H
      quantity    : 1
      description : Super Hoop
      price       : 2392.00
tax  : 251.42
title: Invoice for purchases
newkey: value
total: 4443.52
comments: >
    Jane is awesome.